// Jest Snapshot v1, https://goo.gl/fbAQLP

exports[`<Login /> should render login | ESW-330 1`] = `
<div>
  <button
    id="keycloak-login"
  >
    Login
  </button>
</div>
`;
