// Jest Snapshot v1, https://goo.gl/fbAQLP

exports[`<Logout /> should render logout | ESW-330 1`] = `
<div>
  <button
    id="keycloak-logout"
  >
    Logout
  </button>
</div>
`;
